
============================================================
馃殌 寮€濮嬪鐞? 缁熻A澶у鐢风敓鍜屽コ鐢熺殑浜烘暟
============================================================

--- 姝ラ 01_鎰忓浘婢勬竻 ---
  [17:09:36] 馃 鎰忓浘婢勬竻鏅鸿兘浣? 鍒嗘瀽鐢ㄦ埛闂: 缁熻A澶у鐢风敓鍜屽コ鐢熺殑浜烘暟
  [17:09:36] 馃 鎰忓浘婢勬竻鏅鸿兘浣? 鎰忓浘婢勬竻瀹屾垚: 鐩爣瀹炰綋=['Student'], 璁＄畻绫诲瀷=group_count

--- 姝ラ 02_鐭ヨ瘑楠岃瘉 ---
  [17:09:36] 馃 鐭ヨ瘑楠岃瘉鏅鸿兘浣? 寮€濮嬮獙璇佹剰鍥句腑鐨勬蹇?..
  [17:09:36] 馃 鐭ヨ瘑楠岃瘉鏅鸿兘浣? 楠岃瘉閫氳繃 鉁? 鍙戠幇0涓棶棰?

--- 姝ラ 03_璋冨害 ---
  [17:09:36] 馃 璋冨害鏅鸿兘浣? 鍒嗘瀽浠诲姟澶嶆潅搴﹀苟鍒嗛厤鎵ц璺緞...
  [17:09:36] 馃 璋冨害鏅鸿兘浣? 浠诲姟鍒嗛厤瀹屾垚: 鏁版嵁婧?['university_a'], 闇€瑕佸叧鑱?False, 闇€瑕佽绠?True

--- 姝ラ 04_鏌ヨ瑙勫垝A ---
  [17:09:36] 馃 鏌ヨ瑙勫垝鏅鸿兘浣? 鏋勫缓瀵硅薄瀛愬浘锛屾秹鍙婂疄浣? ['Student']
  [17:09:36] 馃 鏌ヨ瑙勫垝鏅鸿兘浣? 瀛愬浘鏋勫缓瀹屾垚: 1涓疄浣? 2涓叧绯?

--- 姝ラ 05_鏉′欢绛涢€塀 ---
  [17:09:36] 馃 鏉′欢绛涢€夋櫤鑳戒綋: 瑙ｆ瀽绛涢€夋潯浠? 0涓潯浠?
  [17:09:36] 馃 鏉′欢绛涢€夋櫤鑳戒綋: 鏉′欢瑙ｆ瀽瀹屾垚: []

--- 姝ラ 06_瀛楁鎻愬彇B ---
  [17:09:36] 馃 瀛楁鎻愬彇鏅鸿兘浣? 鎻愬彇杈撳嚭瀛楁: 1涓?
  [17:09:36] 馃 瀛楁鎻愬彇鏅鸿兘浣? 瀛楁鎻愬彇瀹屾垚: ['Student.gender']

--- 姝ラ 07_璁＄畻鏂规硶C ---
  [17:09:36] 馃 璁＄畻鏂规硶鏅鸿兘浣? 纭畾璁＄畻鏂规硶: group_count
  [17:09:36] 馃 璁＄畻鏂规硶鏅鸿兘浣? 璁＄畻瑙勫垯: 鎸夊垎缁勭粺璁℃暟閲忥紝鎸?['gender'] 鍒嗙粍

--- 姝ラ 08_DSL鏌ヨ ---
  [17:09:36] 馃 DSL鏌ヨ鏅鸿兘浣? 鐢熸垚 DSL 鏌ヨ璇彞...
  [17:09:36] 馃 DSL鏌ヨ鏅鸿兘浣? DSL 鐢熸垚瀹屾垚: 1涓暟鎹簮

--- 姝ラ 09_璁＄畻鎵ц ---
  [17:09:36] 馃 璁＄畻鎵ц鏅鸿兘浣? 寮€濮嬫墽琛岃绠?..
  [17:09:36] 馃 璁＄畻鎵ц鏅鸿兘浣?   鏁版嵁婧?university_a: 鑾峰緱 2 鏉＄粨鏋?
  [17:09:36] 馃 璁＄畻鎵ц鏅鸿兘浣? 璁＄畻鎵ц瀹屾垚: 鍏?鏉＄粨鏋?

--- 姝ラ 10_璐ㄦ楠岃瘉 ---
  [17:09:36] 馃 璐ㄦ楠岃瘉鏅鸿兘浣? 璐ㄦ楠岃瘉: 2鏉＄粨鏋?..
  [17:09:36] 馃 璐ㄦ楠岃瘉鏅鸿兘浣? 璐ㄦ閫氳繃 鉁? 鏃犻棶棰?

--- 姝ラ 11_绛旀鍥炲 ---
  [17:09:36] 馃 绛旀鍥炲鏅鸿兘浣? 鐢熸垚鑷劧璇█绛旀...
  [17:09:36] 馃 绛旀鍥炲鏅鸿兘浣? 绛旀鐢熸垚瀹屾垚

--- 姝ラ 12_鍥捐〃鎶ュ憡 ---
  [17:09:36] 馃 鍥捐〃/鎶ュ憡鐢熸垚鏅鸿兘浣? 妫€鏌ユ槸鍚﹂渶瑕佺敓鎴愬浘琛?..
  [17:09:36] 馃 鍥捐〃/鎶ュ憡鐢熸垚鏅鸿兘浣? 鍥捐〃宸茬敓鎴? D:\鏁板瓧鐮旂┒闄㈠伐浣淺璁ょ煡涓栫晫澶фā鍨媆鏈綋璁篜OC\Demo1\output\20260218_170936\chart.png

============================================================
馃搵 鏈€缁堢瓟妗?
============================================================
[Mock鍥炲] 閽堝闂銆屽師濮嬮棶棰? 缁熻A澶у鐢风敓鍜屽コ鐢熺殑浜烘暟
璁＄畻绫诲瀷: group_count (鎸夊垎缁勭粺璁℃暟閲忥紝鎸?['gender'] 鍒嗙粍)
鏌ヨ缁撴灉鏁版嵁:
+----------+---------+
| gen銆嶇殑鍒嗘瀽缁撴灉宸茬敓鎴愩€?

馃搳 鍥捐〃宸蹭繚瀛? D:\鏁板瓧鐮旂┒闄㈠伐浣淺璁ょ煡涓栫晫澶фā鍨媆鏈綋璁篜OC\Demo1\output\20260218_170936\chart.png

馃搧 涓棿浜х墿鐩綍: D:\鏁板瓧鐮旂┒闄㈠伐浣淺璁ょ煡涓栫晫澶фā鍨媆鏈綋璁篜OC\Demo1\output\20260218_170936
